// Jest Snapshot v1, https://goo.gl/fbAQLP

exports[`renders without crashing 1`] = `
Array [
  <CoverImage
    image="https://images.unsplash.com/photo-1520880867055-1e30d1cb001c?ixlib=rb-0.3.5&ixid=eyJhcHBfaWQiOjEyMDd9&s=649616c0b471231d6b8e637e7dce500d&auto=format&fit=crop&w=1950&q=80"
    title="React Phonebook!"
/>,
]
`;
